{
    "Should run without failures": {
        "content": [
            {
                "0": [
                    "test-file.txt:md5,d41d8cd98f00b204e9800998ecf8427e"
                ],
                "myFile": [
                    "test-file.txt:md5,d41d8cd98f00b204e9800998ecf8427e"
                ]
            }
        ],
        "meta": {
            "nf-test": "0.9.0-rc2",
            "nextflow": "23.04.3"
        },
        "timestamp": "2024-07-13T12:52:26.454023"
    }
}